Godot Engine v4.5.stable.official.876b29033 - https://godotengine.org

ERROR: Failed to read the root certificate store.
   at: get_system_ca_certificates (platform/windows/os_windows.cpp:2468)
BACKROOMS_VR_DOOR_AUDIT: source=res://assets/backrooms_vr/scene.gltf relevant_meshes=4 source_units=meters source_up=Y_after_Godot_import
BACKROOMS_VR_DOOR_AUDIT: mesh=Object_9 material=Exit_Traslucent vertices=8 triangles=4 islands=2
BACKROOMS_VR_DOOR_ISLAND: material=Exit_Traslucent index=0 vertices=4 min=(-49.7630,2.2419,-4.3284) max=(-49.5692,2.3742,-4.3284) size=(0.1938,0.1323,0.0000) center=(-49.6661,2.3081,-4.3284)
BACKROOMS_VR_DOOR_ISLAND: material=Exit_Traslucent index=1 vertices=4 min=(-36.6973,2.2419,12.9016) max=(-36.6973,2.3742,13.0935) size=(0.0000,0.1323,0.1919) center=(-36.6973,2.3081,12.9975)
BACKROOMS_VR_DOOR_AUDIT: mesh=Object_27 material=Wood vertices=543 triangles=272 islands=16
BACKROOMS_VR_DOOR_ISLAND: material=Wood index=0 vertices=24 min=(-44.8564,1.0274,5.7251) max=(-44.5747,1.0624,9.6246) size=(0.2817,0.0349,3.8995) center=(-44.7156,1.0449,7.6749)
BACKROOMS_VR_DOOR_ISLAND: material=Wood index=1 vertices=24 min=(-41.1713,1.0274,-2.9592) max=(-40.8895,1.0624,-0.9642) size=(0.2817,0.0349,1.9949) center=(-41.0304,1.0449,-1.9617)
BACKROOMS_VR_DOOR_ISLAND: material=Wood index=2 vertices=56 min=(-55.3278,0.1602,-3.0406) max=(-55.3203,0.2055,14.8094) size=(0.0075,0.0453,17.8500) center=(-55.3241,0.1829,5.8844)
BACKROOMS_VR_DOOR_ISLAND: material=Wood index=3 vertices=56 min=(-36.6249,0.1602,15.1065) max=(-20.8727,0.2055,15.1142) size=(15.7521,0.0453,0.0077) center=(-28.7488,0.1829,15.1104)
BACKROOMS_VR_DOOR_ISLAND: material=Wood index=4 vertices=56 min=(-38.0824,0.1602,-3.9810) max=(-38.0749,0.2055,10.2771) size=(0.0075,0.0453,14.2581) center=(-38.0787,0.1829,3.1480)
BACKROOMS_VR_DOOR_ISLAND: material=Wood index=5 vertices=55 min=(-36.7479,0.1602,-4.2023) max=(-36.7404,0.2055,8.8409) size=(0.0075,0.0453,13.0432) center=(-36.7442,0.1829,2.3193)
BACKROOMS_VR_DOOR_ISLAND: material=Wood index=6 vertices=32 min=(-36.4408,0.1602,10.8775) max=(-27.6336,0.2055,10.8853) size=(8.8072,0.0453,0.0077) center=(-32.0372,0.1829,10.8814)
BACKROOMS_VR_DOOR_ISLAND: material=Wood index=7 vertices=32 min=(-16.0719,0.1602,7.0652) max=(-7.4036,0.2055,7.0729) size=(8.6682,0.0453,0.0077) center=(-11.7378,0.1829,7.0691)
BACKROOMS_VR_DOOR_ISLAND: material=Wood index=8 vertices=32 min=(-2.4497,0.1602,7.0652) max=(6.2185,0.2055,7.0729) size=(8.6682,0.0453,0.0077) center=(1.8844,0.1829,7.0691)
BACKROOMS_VR_DOOR_ISLAND: material=Wood index=9 vertices=32 min=(-20.6032,0.1602,6.3101) max=(-20.5957,0.2055,14.9783) size=(0.0075,0.0453,8.6682) center=(-20.5995,0.1829,10.6442)
BACKROOMS_VR_DOOR_ISLAND: material=Wood index=10 vertices=32 min=(-20.7084,0.1602,-4.1752) max=(-20.7009,0.2055,4.4930) size=(0.0075,0.0453,8.6682) center=(-20.7046,0.1829,0.1589)
BACKROOMS_VR_DOOR_ISLAND: material=Wood index=11 vertices=32 min=(-54.6554,0.1602,4.4314) max=(-54.6479,0.2055,11.4137) size=(0.0075,0.0453,6.9823) center=(-54.6516,0.1829,7.9226)
BACKROOMS_VR_DOOR_ISLAND: material=Wood index=12 vertices=20 min=(-44.9917,0.1602,-4.3757) max=(-41.4652,0.2055,-4.3676) size=(3.5265,0.0453,0.0080) center=(-43.2284,0.1829,-4.3716)
BACKROOMS_VR_DOOR_ISLAND: material=Wood index=13 vertices=20 min=(-30.5891,0.1602,9.0004) max=(-27.7022,0.2055,9.0081) size=(2.8869,0.0453,0.0077) center=(-29.1456,0.1829,9.0042)
BACKROOMS_VR_DOOR_ISLAND: material=Wood index=14 vertices=20 min=(-30.5966,0.1602,6.3101) max=(-30.5891,0.2055,9.0072) size=(0.0075,0.0453,2.6971) center=(-30.5928,0.1829,7.6586)
BACKROOMS_VR_DOOR_ISLAND: material=Wood index=15 vertices=20 min=(-54.3436,0.1602,4.1867) max=(-52.2240,0.2055,4.1944) size=(2.1196,0.0453,0.0077) center=(-53.2838,0.1829,4.1906)
BACKROOMS_VR_DOOR_AUDIT: mesh=Object_29 material=Exit_Door vertices=3157 triangles=1680 islands=4
BACKROOMS_VR_DOOR_ISLAND: material=Exit_Door index=0 vertices=829 min=(-50.7167,-0.1190,-4.5751) max=(-48.6114,2.1580,-4.3663) size=(2.1053,2.2771,0.2088) center=(-49.6640,1.0195,-4.4707)
BACKROOMS_VR_DOOR_ISLAND: material=Exit_Door index=1 vertices=828 min=(-36.9469,-0.1190,11.9388) max=(-36.7381,2.1580,14.0441) size=(0.2088,2.2771,2.1053) center=(-36.8425,1.0195,12.9914)
BACKROOMS_VR_DOOR_ISLAND: material=Exit_Door index=2 vertices=780 min=(-37.0862,-0.1107,13.9625) max=(-36.9642,2.0810,14.9483) size=(0.1220,2.1917,0.9858) center=(-37.0252,0.9851,14.4554)
BACKROOMS_VR_DOOR_ISLAND: material=Exit_Door index=3 vertices=720 min=(-50.6405,-0.1107,-4.5748) max=(-49.6508,2.0810,-4.5391) size=(0.9897,2.1917,0.0357) center=(-50.1457,0.9851,-4.5569)
BACKROOMS_VR_DOOR_AUDIT: mesh=Object_30 material=Exit_Door vertices=18010 triangles=19524 islands=120
BACKROOMS_VR_DOOR_ISLAND: material=Exit_Door index=0 vertices=152 min=(-37.1625,-0.1107,11.0508) max=(-36.9641,2.0810,12.0239) size=(0.1984,2.1917,0.9731) center=(-37.0633,0.9851,11.5374)
BACKROOMS_VR_DOOR_ISLAND: material=Exit_Door index=1 vertices=152 min=(-49.6710,-0.1107,-4.5749) max=(-48.6876,2.0810,-4.5450) size=(0.9834,2.1917,0.0299) center=(-49.1793,0.9851,-4.5600)
BACKROOMS_VR_DOOR_ISLAND: material=Exit_Door index=2 vertices=1107 min=(-37.2315,0.7947,11.0942) max=(-37.0084,0.8579,12.0096) size=(0.2231,0.0632,0.9154) center=(-37.1199,0.8263,11.5519)
BACKROOMS_VR_DOOR_ISLAND: material=Exit_Door index=3 vertices=1104 min=(-37.1508,0.7947,13.9789) max=(-37.0061,0.8579,14.8990) size=(0.1447,0.0632,0.9202) center=(-37.0784,0.8263,14.4389)
BACKROOMS_VR_DOOR_ISLAND: material=Exit_Door index=4 vertices=1097 min=(-50.6178,0.7947,-4.5348) max=(-49.6994,0.8579,-4.4699) size=(0.9183,0.0632,0.0649) center=(-50.1586,0.8263,-4.5024)
BACKROOMS_VR_DOOR_ISLAND: material=Exit_Door index=5 vertices=1093 min=(-49.6340,0.7947,-4.5348) max=(-48.7156,0.8579,-4.4699) size=(0.9183,0.0632,0.0649) center=(-49.1748,0.8263,-4.5024)
BACKROOMS_VR_DOOR_ISLAND: material=Exit_Door index=6 vertices=397 min=(-37.1280,0.8915,11.0822) max=(-37.0266,0.9163,11.2546) size=(0.1014,0.0248,0.1723) center=(-37.0773,0.9039,11.1684)
BACKROOMS_VR_DOOR_ISLAND: material=Exit_Door index=7 vertices=526 min=(-37.2029,0.8122,11.0852) max=(-37.1518,0.9820,11.1337) size=(0.0510,0.1698,0.0485) center=(-37.1773,0.8971,11.1095)
BACKROOMS_VR_DOOR_ISLAND: material=Exit_Door index=8 vertices=445 min=(-37.0481,0.8122,11.9629) max=(-36.9971,0.9820,12.0111) size=(0.0510,0.1698,0.0482) center=(-37.0226,0.8971,11.9870)
BACKROOMS_VR_DOOR_ISLAND: material=Exit_Door index=9 vertices=600 min=(-37.1213,0.8122,14.8619) max=(-37.0730,0.9820,14.9071) size=(0.0483,0.1698,0.0452) center=(-37.0972,0.8971,14.8845)
BACKROOMS_VR_DOOR_ISLAND: material=Exit_Door index=10 vertices=452 min=(-37.0435,0.8122,13.9744) max=(-36.9954,0.9820,14.0195) size=(0.0481,0.1698,0.0452) center=(-37.0195,0.8971,13.9970)
BACKROOMS_VR_DOOR_ISLAND: material=Exit_Door index=11 vertices=397 min=(-49.6302,0.8915,-4.6518) max=(-49.4567,0.9163,-4.5743) size=(0.1735,0.0248,0.0775) center=(-49.5434,0.9039,-4.6131)
BACKROOMS_VR_DOOR_ISLAND: material=Exit_Door index=12 vertices=454 min=(-50.6251,0.8122,-4.5450) max=(-50.5831,0.9820,-4.4998) size=(0.0420,0.1698,0.0452) center=(-50.6041,0.8971,-4.5224)
BACKROOMS_VR_DOOR_ISLAND: material=Exit_Door index=13 vertices=601 min=(-49.7341,0.8122,-4.5450) max=(-49.6921,0.9820,-4.4998) size=(0.0420,0.1698,0.0452) center=(-49.7131,0.8971,-4.5224)
BACKROOMS_VR_DOOR_ISLAND: material=Exit_Door index=14 vertices=523 min=(-49.6413,0.8122,-4.5450) max=(-49.5993,0.9820,-4.4998) size=(0.0420,0.1698,0.0452) center=(-49.6203,0.8971,-4.5224)
BACKROOMS_VR_DOOR_ISLAND: material=Exit_Door index=15 vertices=440 min=(-48.7501,0.8122,-4.5450) max=(-48.7083,0.9820,-4.4998) size=(0.0418,0.1698,0.0452) center=(-48.7292,0.8971,-4.5224)
BACKROOMS_VR_DOOR_ISLAND: material=Exit_Door index=16 vertices=26 min=(-49.7191,-0.0655,-4.5387) max=(-49.7070,2.0258,-4.5265) size=(0.0121,2.0914,0.0123) center=(-49.7130,0.9801,-4.5326)
BACKROOMS_VR_DOOR_ISLAND: material=Exit_Door index=17 vertices=26 min=(-37.0933,-0.0655,14.8793) max=(-37.0810,2.0258,14.8912) size=(0.0123,2.0914,0.0120) center=(-37.0871,0.9801,14.8853)
BACKROOMS_VR_DOOR_ISLAND: material=Exit_Door index=18 vertices=91 min=(-37.1311,0.7935,11.0724) max=(-37.1142,0.8531,11.1331) size=(0.0169,0.0596,0.0607) center=(-37.1227,0.8233,11.1027)
BACKROOMS_VR_DOOR_ISLAND: material=Exit_Door index=19 vertices=180 min=(-37.1311,0.8741,11.0724) max=(-37.1142,0.9337,11.1331) size=(0.0169,0.0596,0.0607) center=(-37.1227,0.9039,11.1027)
BACKROOMS_VR_DOOR_ISLAND: material=Exit_Door index=20 vertices=188 min=(-37.1094,2.0272,14.8763) max=(-37.0784,2.0811,14.8939) size=(0.0309,0.0540,0.0176) center=(-37.0939,2.0542,14.8851)
BACKROOMS_VR_DOOR_ISLAND: material=Exit_Door index=21 vertices=224 min=(-36.9678,0.9610,13.9591) max=(-36.9440,1.0400,13.9744) size=(0.0238,0.0789,0.0153) center=(-36.9559,1.0005,13.9667)
BACKROOMS_VR_DOOR_ISLAND: material=Exit_Door index=22 vertices=224 min=(-36.9678,-0.0608,13.9591) max=(-36.9440,0.0181,13.9744) size=(0.0238,0.0789,0.0153) center=(-36.9559,-0.0214,13.9667)
BACKROOMS_VR_DOOR_ISLAND: material=Exit_Door index=23 vertices=224 min=(-36.9678,1.9587,13.9591) max=(-36.9440,2.0376,13.9744) size=(0.0238,0.0789,0.0153) center=(-36.9559,1.9982,13.9667)
BACKROOMS_VR_DOOR_ISLAND: material=Exit_Door index=24 vertices=224 min=(-36.9682,0.9610,12.0087) max=(-36.9442,1.0400,12.0236) size=(0.0240,0.0789,0.0150) center=(-36.9562,1.0005,12.0162)
BACKROOMS_VR_DOOR_ISLAND: material=Exit_Door index=25 vertices=224 min=(-36.9682,-0.0608,12.0087) max=(-36.9442,0.0181,12.0236) size=(0.0240,0.0789,0.0150) center=(-36.9562,-0.0214,12.0162)
BACKROOMS_VR_DOOR_ISLAND: material=Exit_Door index=26 vertices=224 min=(-36.9682,1.9587,12.0087) max=(-36.9442,2.0376,12.0236) size=(0.0240,0.0789,0.0150) center=(-36.9562,1.9982,12.0162)
BACKROOMS_VR_DOOR_ISLAND: material=Exit_Door index=27 vertices=186 min=(-49.7214,2.0272,-4.5408) max=(-49.7049,2.0811,-4.5103) size=(0.0165,0.0540,0.0305) center=(-49.7131,2.0542,-4.5256)
BACKROOMS_VR_DOOR_ISLAND: material=Exit_Door index=28 vertices=166 min=(-37.1000,2.0608,14.8613) max=(-37.0730,2.0810,14.9095) size=(0.0270,0.0202,0.0482) center=(-37.0865,2.0709,14.8854)
BACKROOMS_VR_DOOR_ISLAND: material=Exit_Door index=29 vertices=91 min=(-49.6478,0.7935,-4.5812) max=(-49.5874,0.8531,-4.5743) size=(0.0604,0.0596,0.0069) center=(-49.6176,0.8233,-4.5778)
BACKROOMS_VR_DOOR_ISLAND: material=Exit_Door index=30 vertices=180 min=(-49.6478,0.8741,-4.5812) max=(-49.5874,0.9337,-4.5743) size=(0.0604,0.0596,0.0069) center=(-49.6176,0.9039,-4.5778)
BACKROOMS_VR_DOOR_ISLAND: material=Exit_Door index=31 vertices=224 min=(-48.6966,0.9610,-4.5911) max=(-48.6813,1.0400,-4.5719) size=(0.0153,0.0789,0.0191) center=(-48.6890,1.0005,-4.5815)
BACKROOMS_VR_DOOR_ISLAND: material=Exit_Door index=32 vertices=224 min=(-48.6966,-0.0608,-4.5911) max=(-48.6813,0.0181,-4.5719) size=(0.0153,0.0789,0.0191) center=(-48.6890,-0.0214,-4.5815)
BACKROOMS_VR_DOOR_ISLAND: material=Exit_Door index=33 vertices=224 min=(-48.6966,1.9587,-4.5911) max=(-48.6813,2.0376,-4.5719) size=(0.0153,0.0789,0.0191) center=(-48.6890,1.9982,-4.5815)
BACKROOMS_VR_DOOR_ISLAND: material=Exit_Door index=34 vertices=224 min=(-50.6471,0.9610,-4.5911) max=(-50.6320,1.0400,-4.5719) size=(0.0151,0.0789,0.0191) center=(-50.6395,1.0005,-4.5815)
BACKROOMS_VR_DOOR_ISLAND: material=Exit_Door index=35 vertices=224 min=(-50.6471,-0.0608,-4.5911) max=(-50.6320,0.0181,-4.5719) size=(0.0151,0.0789,0.0191) center=(-50.6395,-0.0214,-4.5815)
BACKROOMS_VR_DOOR_ISLAND: material=Exit_Door index=36 vertices=224 min=(-50.6471,1.9587,-4.5911) max=(-50.6320,2.0376,-4.5719) size=(0.0151,0.0789,0.0191) center=(-50.6395,1.9982,-4.5815)
BACKROOMS_VR_DOOR_ISLAND: material=Exit_Door index=37 vertices=162 min=(-49.7362,2.0608,-4.5450) max=(-49.6898,2.0810,-4.5217) size=(0.0464,0.0202,0.0233) center=(-49.7130,2.0709,-4.5334)
BACKROOMS_VR_DOOR_ISLAND: material=Exit_Door index=38 vertices=109 min=(-37.1006,-0.1186,14.8763) max=(-37.0784,-0.0652,14.8939) size=(0.0222,0.0534,0.0176) center=(-37.0895,-0.0919,14.8851)
BACKROOMS_VR_DOOR_ISLAND: material=Exit_Door index=39 vertices=88 min=(-37.0993,-0.0782,14.8631) max=(-37.0726,-0.0616,14.9095) size=(0.0268,0.0166,0.0464) center=(-37.0860,-0.0699,14.8863)
BACKROOMS_VR_DOOR_ISLAND: material=Exit_Door index=40 vertices=136 min=(-37.1604,0.6620,11.0592) max=(-37.1416,0.8710,11.0643) size=(0.0188,0.2090,0.0051) center=(-37.1510,0.7665,11.0618)
BACKROOMS_VR_DOOR_ISLAND: material=Exit_Door index=41 vertices=88 min=(-49.7362,-0.0782,-4.5450) max=(-49.6898,-0.0616,-4.5208) size=(0.0464,0.0166,0.0242) center=(-49.7130,-0.0699,-4.5329)
BACKROOMS_VR_DOOR_ISLAND: material=Exit_Door index=42 vertices=112 min=(-49.7214,-0.1186,-4.5408) max=(-49.7049,-0.0652,-4.5199) size=(0.0165,0.0534,0.0209) center=(-49.7131,-0.0919,-4.5304)
BACKROOMS_VR_DOOR_ISLAND: material=Exit_Door index=43 vertices=180 min=(-37.0914,0.9010,14.9271) max=(-37.0803,0.9589,14.9526) size=(0.0111,0.0579,0.0254) center=(-37.0859,0.9300,14.9399)
BACKROOMS_VR_DOOR_ISLAND: material=Exit_Door index=44 vertices=182 min=(-49.6712,0.9010,-4.5450) max=(-49.6463,0.9589,-4.5340) size=(0.0249,0.0579,0.0111) center=(-49.6588,0.9300,-4.5395)
BACKROOMS_VR_DOOR_ISLAND: material=Exit_Door index=45 vertices=130 min=(-37.0768,0.6620,14.9340) max=(-37.0577,0.8710,14.9376) size=(0.0190,0.2090,0.0036) center=(-37.0673,0.7665,14.9358)
BACKROOMS_VR_DOOR_ISLAND: material=Exit_Door index=46 vertices=148 min=(-37.1246,0.8026,11.0903) max=(-37.1098,0.8419,11.1134) size=(0.0148,0.0393,0.0230) center=(-37.1172,0.8222,11.1018)
BACKROOMS_VR_DOOR_ISLAND: material=Exit_Door index=47 vertices=136 min=(-49.6651,0.6620,-4.5663) max=(-49.6618,0.8710,-4.5474) size=(0.0033,0.2090,0.0188) center=(-49.6635,0.7665,-4.5568)
BACKROOMS_VR_DOOR_ISLAND: material=Exit_Door index=48 vertices=150 min=(-37.1826,0.9170,11.0709) max=(-37.1675,0.9435,11.1029) size=(0.0151,0.0265,0.0320) center=(-37.1750,0.9302,11.0869)
BACKROOMS_VR_DOOR_ISLAND: material=Exit_Door index=49 vertices=148 min=(-49.6285,0.8026,-4.5893) max=(-49.6066,0.8419,-4.5776) size=(0.0220,0.0393,0.0117) center=(-49.6176,0.8222,-4.5835)
BACKROOMS_VR_DOOR_ISLAND: material=Exit_Door index=50 vertices=149 min=(-49.6578,0.9170,-4.5340) max=(-49.6273,0.9435,-4.5220) size=(0.0305,0.0265,0.0120) center=(-49.6426,0.9302,-4.5280)
BACKROOMS_VR_DOOR_ISLAND: material=Exit_Door index=51 vertices=56 min=(-37.0993,2.0197,14.8882) max=(-37.0757,2.0363,14.9095) size=(0.0236,0.0166,0.0212) center=(-37.0875,2.0280,14.8989)
BACKROOMS_VR_DOOR_ISLAND: material=Exit_Door index=52 vertices=130 min=(-49.6656,0.6620,-4.5663) max=(-49.6635,0.8710,-4.5474) size=(0.0021,0.2090,0.0188) center=(-49.6645,0.7665,-4.5568)
BACKROOMS_VR_DOOR_ISLAND: material=Exit_Door index=53 vertices=56 min=(-49.7091,2.0197,-4.5450) max=(-49.6898,2.0363,-4.5211) size=(0.0192,0.0166,0.0239) center=(-49.6994,2.0280,-4.5331)
BACKROOMS_VR_DOOR_ISLAND: material=Exit_Door index=54 vertices=56 min=(-49.7362,2.0197,-4.5450) max=(-49.7170,2.0363,-4.5211) size=(0.0192,0.0166,0.0239) center=(-49.7266,2.0280,-4.5331)
BACKROOMS_VR_DOOR_ISLAND: material=Exit_Door index=55 vertices=56 min=(-37.0981,2.0197,14.8631) max=(-37.0726,2.0363,14.8805) size=(0.0255,0.0166,0.0174) center=(-37.0853,2.0280,14.8718)
BACKROOMS_VR_DOOR_ISLAND: material=Exit_Door index=56 vertices=54 min=(-37.1564,0.7900,11.0508) max=(-37.1466,0.8176,11.0622) size=(0.0098,0.0276,0.0114) center=(-37.1515,0.8038,11.0565)
BACKROOMS_VR_DOOR_ISLAND: material=Exit_Door index=57 vertices=54 min=(-49.6731,0.7900,-4.5615) max=(-49.6633,0.8176,-4.5516) size=(0.0098,0.0276,0.0099) center=(-49.6682,0.8038,-4.5565)
BACKROOMS_VR_DOOR_ISLAND: material=Exit_Door index=58 vertices=60 min=(-49.7201,-0.0657,-4.5396) max=(-49.7061,-0.0636,-4.5256) size=(0.0140,0.0021,0.0141) center=(-49.7131,-0.0647,-4.5326)
BACKROOMS_VR_DOOR_ISLAND: material=Exit_Door index=59 vertices=61 min=(-49.7201,2.0255,-4.5396) max=(-49.7061,2.0277,-4.5256) size=(0.0140,0.0021,0.0141) center=(-49.7131,2.0266,-4.5326)
BACKROOMS_VR_DOOR_ISLAND: material=Exit_Door index=60 vertices=61 min=(-37.0941,-0.0657,14.8784) max=(-37.0801,-0.0636,14.8924) size=(0.0140,0.0021,0.0141) center=(-37.0871,-0.0647,14.8854)
BACKROOMS_VR_DOOR_ISLAND: material=Exit_Door index=61 vertices=58 min=(-37.0941,2.0255,14.8784) max=(-37.0801,2.0277,14.8924) size=(0.0140,0.0021,0.0141) center=(-37.0871,2.0266,14.8854)
BACKROOMS_VR_DOOR_ISLAND: material=Exit_Door index=62 vertices=33 min=(-49.7339,2.0664,-4.5328) max=(-49.7260,2.0731,-4.5259) size=(0.0079,0.0067,0.0069) center=(-49.7300,2.0698,-4.5293)
BACKROOMS_VR_DOOR_ISLAND: material=Exit_Door index=63 vertices=33 min=(-49.7003,2.0664,-4.5328) max=(-49.6923,2.0731,-4.5259) size=(0.0079,0.0067,0.0069) center=(-49.6963,2.0698,-4.5293)
BACKROOMS_VR_DOOR_ISLAND: material=Exit_Door index=64 vertices=33 min=(-37.0952,2.0664,14.8978) max=(-37.0887,2.0731,14.9059) size=(0.0065,0.0067,0.0081) center=(-37.0919,2.0698,14.9019)
BACKROOMS_VR_DOOR_ISLAND: material=Exit_Door index=65 vertices=33 min=(-37.0922,2.0664,14.8643) max=(-37.0858,2.0731,14.8724) size=(0.0065,0.0067,0.0081) center=(-37.0890,2.0698,14.8684)
BACKROOMS_VR_DOOR_ISLAND: material=Exit_Door index=66 vertices=33 min=(-37.0937,0.9452,14.9340) max=(-37.0901,0.9531,14.9418) size=(0.0036,0.0079,0.0078) center=(-37.0919,0.9491,14.9379)
BACKROOMS_VR_DOOR_ISLAND: material=Exit_Door index=67 vertices=33 min=(-37.0937,0.9058,14.9340) max=(-37.0901,0.9138,14.9418) size=(0.0036,0.0079,0.0078) center=(-37.0919,0.9098,14.9379)
BACKROOMS_VR_DOOR_ISLAND: material=Exit_Door index=68 vertices=33 min=(-37.0814,2.0240,14.8990) max=(-37.0780,2.0320,14.9071) size=(0.0033,0.0079,0.0081) center=(-37.0797,2.0280,14.9031)
BACKROOMS_VR_DOOR_ISLAND: material=Exit_Door index=69 vertices=33 min=(-37.0814,-0.0744,14.8990) max=(-37.0780,-0.0665,14.9071) size=(0.0033,0.0079,0.0081) center=(-37.0797,-0.0704,14.9031)
BACKROOMS_VR_DOOR_ISLAND: material=Exit_Door index=70 vertices=33 min=(-49.6643,0.9452,-4.5340) max=(-49.6564,0.9531,-4.5307) size=(0.0079,0.0079,0.0033) center=(-49.6603,0.9491,-4.5323)
BACKROOMS_VR_DOOR_ISLAND: material=Exit_Door index=71 vertices=33 min=(-49.6643,0.9058,-4.5340) max=(-49.6564,0.9138,-4.5307) size=(0.0079,0.0079,0.0033) center=(-49.6603,0.9098,-4.5323)
BACKROOMS_VR_DOOR_ISLAND: material=Exit_Door index=72 vertices=33 min=(-37.0784,2.0240,14.8649) max=(-37.0751,2.0320,14.8727) size=(0.0033,0.0079,0.0078) center=(-37.0768,2.0280,14.8688)
BACKROOMS_VR_DOOR_ISLAND: material=Exit_Door index=73 vertices=33 min=(-37.0784,-0.0744,14.8649) max=(-37.0751,-0.0665,14.8727) size=(0.0033,0.0079,0.0078) center=(-37.0768,-0.0704,14.8688)
BACKROOMS_VR_DOOR_ISLAND: material=Exit_Door index=74 vertices=33 min=(-49.7003,2.0240,-4.5429) max=(-49.6923,2.0320,-4.5399) size=(0.0079,0.0079,0.0030) center=(-49.6963,2.0280,-4.5414)
BACKROOMS_VR_DOOR_ISLAND: material=Exit_Door index=75 vertices=33 min=(-49.7003,-0.0744,-4.5429) max=(-49.6923,-0.0665,-4.5399) size=(0.0079,0.0079,0.0030) center=(-49.6963,-0.0704,-4.5414)
BACKROOMS_VR_DOOR_ISLAND: material=Exit_Door index=76 vertices=33 min=(-49.7344,2.0240,-4.5429) max=(-49.7266,2.0320,-4.5399) size=(0.0077,0.0079,0.0030) center=(-49.7305,2.0280,-4.5414)
BACKROOMS_VR_DOOR_ISLAND: material=Exit_Door index=77 vertices=33 min=(-49.7344,-0.0744,-4.5429) max=(-49.7266,-0.0665,-4.5399) size=(0.0077,0.0079,0.0030) center=(-49.7305,-0.0704,-4.5414)
BACKROOMS_VR_DOOR_ISLAND: material=Exit_Door index=78 vertices=33 min=(-37.1853,0.9750,11.0936) max=(-37.1822,0.9802,11.0990) size=(0.0031,0.0052,0.0054) center=(-37.1837,0.9776,11.0963)
BACKROOMS_VR_DOOR_ISLAND: material=Exit_Door index=79 vertices=33 min=(-37.0262,0.9750,14.0085) max=(-37.0232,0.9802,14.0139) size=(0.0029,0.0052,0.0054) center=(-37.0247,0.9776,14.0112)
BACKROOMS_VR_DOOR_AUDIT: extracted_leaf bounds=(0.0001,0.0000,-0.1018) size=(1.0626,2.2095,0.1819) surfaces=1
