Godot Engine v4.5.stable.official.876b29033 - https://godotengine.org

ERROR: Failed to read the root certificate store.
   at: get_system_ca_certificates (platform/windows/os_windows.cpp:2468)
[   0% ] first_scan_filesystem | Started Inizializzazione del progetto (5 steps)
[   0% ] first_scan_filesystem | Scansione della struttura dei file...
[  16% ] first_scan_filesystem | Caricamento dei nomi delle classi globali…
[  33% ] first_scan_filesystem | Verifica dei GDExtension...
[  50% ] first_scan_filesystem | Creazione degli script autoload...
[  66% ] first_scan_filesystem | Inizializzazione delle estensioni...
[  83% ] first_scan_filesystem | Avvio della scansione dei file...
[ DONE ] first_scan_filesystem

[   0% ] update_scripts_classes | Started Registrazione delle classi globali… (2 steps)
[   0% ] update_scripts_classes | 
[  33% ] update_scripts_classes | 
[ DONE ] update_scripts_classes

[   0% ] loading_editor_layout | Started Caricamento dell'editor (5 steps)
[   0% ] loading_editor_layout | Caricamento della disposizione dell'editor...
[  16% ] loading_editor_layout | Caricamento dei pannelli…
[  33% ] loading_editor_layout | Riapertura delle scene...
[  50% ] loading_editor_layout | Caricamento della disposizione dell'editor centrale...
[  66% ] loading_editor_layout | Caricamento della disposizione della finestra delle estensioni...
[  83% ] loading_editor_layout | Disposizione dell'editor preparata.
[ DONE ] loading_editor_layout

ERROR: Cannot save file 'C:/Users/mauro/AppData/Roaming/Godot/editor_settings-4.5.tres'.
   at: save (scene/resources/resource_format_text.cpp:1715)
ERROR: Error saving editor settings to C:/Users/mauro/AppData/Roaming/Godot/editor_settings-4.5.tres
   at: save (editor/settings/editor_settings.cpp:1387)
